… compilando o CSS do app a partir de src/app/globals.css
  165 kB de CSS (sha256 df65a6ee9eb2…)
  cromo__claro.html
  cromo__escuro.html
  admin-tabelas__claro.html
  admin-tabelas__escuro.html
  admin-importar__claro.html
  admin-importar__escuro.html
  admin-dialogos__claro.html
  admin-dialogos__escuro.html
  relatorio__claro.html
  relatorio__escuro.html
  confirmacoes__claro.html
  confirmacoes__escuro.html
  selos-sucesso__claro.html
  selos-sucesso__escuro.html
  filtros__claro.html
  filtros__escuro.html
  cromo__claro__1440x900.png
  cromo__claro__390x844.png
  cromo__escuro__1440x900.png
  cromo__escuro__390x844.png
  admin-tabelas__claro__1440x900.png
  admin-tabelas__claro__390x844.png
  admin-tabelas__escuro__1440x900.png
  admin-tabelas__escuro__390x844.png
  admin-importar__claro__1440x900.png
  admin-importar__claro__390x844.png
  admin-importar__escuro__1440x900.png
  admin-importar__escuro__390x844.png
  admin-dialogos__claro__1440x900.png
  admin-dialogos__claro__390x844.png
  admin-dialogos__escuro__1440x900.png
  admin-dialogos__escuro__390x844.png
  relatorio__claro__1440x900.png
  relatorio__claro__390x844.png
  relatorio__escuro__1440x900.png
  relatorio__escuro__390x844.png
  confirmacoes__claro__1440x900.png
  confirmacoes__claro__390x844.png
  confirmacoes__escuro__1440x900.png
  confirmacoes__escuro__390x844.png
  selos-sucesso__claro__1440x900.png
  selos-sucesso__claro__390x844.png
  ⚠ selos-sucesso__claro__390x844.png rola na horizontal
  selos-sucesso__escuro__1440x900.png
  selos-sucesso__escuro__390x844.png
  ⚠ selos-sucesso__escuro__390x844.png rola na horizontal
  filtros__claro__1440x900.png
  filtros__claro__390x844.png
  filtros__escuro__1440x900.png
  filtros__escuro__390x844.png
  medidas.json (32 fotos)

✔ 16 páginas e 32 imagens em docs/f61-evidencias/antes
